// Jest Snapshot v1, https://goo.gl/fbAQLP

exports[`matches snapshot 1`] = `
"
error: null
signal: null
status: 123
stderr: (Empty)
stdout: |
  { TypeScript: 'Hello World !!' }

"
`;
