// Jest Snapshot v1, https://goo.gl/fbAQLP

exports[`coverter function convert list to arrays 1`] = `
Array [
  "[1mroot[22m[2m (root)[22m",
  "[1mpkg00[22m[2m (root/wrkspc0dept/pkg00)[22m",
  "[1mpkg01[22m[2m (root/wrkspc0dept/pkg01)[22m",
  "[1mpkg100[22m[2m (root/wrkspc1dept/sub10/pkg100)[22m",
  "[1mpkg110[22m[2m (root/wrkspc1dept/sub11/pkg110)[22m",
  "[1mpkg111prv[22m[2m (root/wrkspc1dept/sub11/pkg111prv)[22m",
  "[1mpkg2000[22m[2m (root/wrkspc2dept/sub20/sub200/pkg2000)[22m",
]
`;

exports[`coverter function convert list to string 1`] = `
"[1mroot[22m[2m (root)[22m
[1mpkg00[22m[2m (root/wrkspc0dept/pkg00)[22m
[1mpkg01[22m[2m (root/wrkspc0dept/pkg01)[22m
[1mpkg100[22m[2m (root/wrkspc1dept/sub10/pkg100)[22m
[1mpkg110[22m[2m (root/wrkspc1dept/sub11/pkg110)[22m
[1mpkg111prv[22m[2m (root/wrkspc1dept/sub11/pkg111prv)[22m
[1mpkg2000[22m[2m (root/wrkspc2dept/sub20/sub200/pkg2000)[22m"
`;

exports[`listAllPackages function matches snapshot 1`] = `
Array [
  Object {
    "manifestContent": Object {
      "devDependencies": Object {
        "pkg00": "^0.1.0",
      },
      "name": "root",
      "private": true,
      "version": "0.0.0",
      "workspaces": Array [
        "wrkspc0dept/*",
        "wrkspc1dept/*/*",
        "wrkspc2dept/*/*/*",
      ],
    },
    "manifestFile": "root/package.json",
    "path": "root",
  },
  Object {
    "manifestContent": Object {
      "name": "pkg00",
      "version": "0.1.2",
    },
    "manifestFile": "root/wrkspc0dept/pkg00/package.json",
    "path": "root/wrkspc0dept/pkg00",
  },
  Object {
    "manifestContent": Object {
      "name": "pkg01",
      "private": false,
      "version": "1.2.3",
    },
    "manifestFile": "root/wrkspc0dept/pkg01/package.json",
    "path": "root/wrkspc0dept/pkg01",
  },
  Object {
    "manifestContent": Object {
      "name": "pkg100",
      "version": "2.2.5",
    },
    "manifestFile": "root/wrkspc1dept/sub10/pkg100/package.json",
    "path": "root/wrkspc1dept/sub10/pkg100",
  },
  Object {
    "manifestContent": Object {
      "dependencies": Object {
        "pkg01": "^1.0.0",
        "pkg100": "~2.2.1",
      },
      "name": "pkg110",
      "version": "22.3.5",
    },
    "manifestFile": "root/wrkspc1dept/sub11/pkg110/package.json",
    "path": "root/wrkspc1dept/sub11/pkg110",
  },
  Object {
    "manifestContent": Object {
      "dependencies": Object {
        "pkg01": "*",
      },
      "name": "pkg111prv",
      "private": true,
      "version": "33.22.11",
    },
    "manifestFile": "root/wrkspc1dept/sub11/pkg111prv/package.json",
    "path": "root/wrkspc1dept/sub11/pkg111prv",
  },
  Object {
    "manifestContent": Object {
      "devDependencies": Object {
        "foreign-foo": "^1.2.3",
        "pkg111prv": "33.22.11",
      },
      "name": "pkg2000",
      "version": "123.456.789",
    },
    "manifestFile": "root/wrkspc2dept/sub20/sub200/pkg2000/package.json",
    "path": "root/wrkspc2dept/sub20/sub200/pkg2000",
  },
]
`;
